[ {
  "id" : -1,
  "name" : "c",
  "records" : "x"
} ]