[ {
  "destination" : "l1",
  "host" : "",
  "internal" : false,
  "leftHandSide" : "_x.test",
  "port" : 1,
  "priority" : 20,
  "protocol" : "_x",
  "resource" : "test",
  "weight" : 10
}, {
  "destination" : "l1",
  "host" : "l1",
  "internal" : false,
  "leftHandSide" : "_x.test.l1",
  "port" : 1,
  "priority" : 10,
  "protocol" : "_x",
  "resource" : "test",
  "weight" : 10
}, {
  "destination" : "l2",
  "host" : "l1",
  "internal" : false,
  "leftHandSide" : "_x.test.l1",
  "port" : 2,
  "priority" : 20,
  "protocol" : "_x",
  "resource" : "test",
  "weight" : 10
}, {
  "destination" : "l3",
  "host" : "l1",
  "internal" : false,
  "leftHandSide" : "_x.test.l1",
  "port" : 3,
  "priority" : 30,
  "protocol" : "_x",
  "resource" : "test",
  "weight" : 10
}, {
  "destination" : "l2",
  "host" : "",
  "internal" : false,
  "leftHandSide" : "_x.test",
  "port" : 2,
  "priority" : 20,
  "protocol" : "_x",
  "resource" : "test",
  "weight" : 10
}, {
  "destination" : "l1",
  "host" : "l2",
  "internal" : false,
  "leftHandSide" : "_x.test.l2",
  "port" : 1,
  "priority" : 20,
  "protocol" : "_x",
  "resource" : "test",
  "weight" : 10
}, {
  "destination" : "l2",
  "host" : "l2",
  "internal" : false,
  "leftHandSide" : "_x.test.l2",
  "port" : 2,
  "priority" : 10,
  "protocol" : "_x",
  "resource" : "test",
  "weight" : 10
}, {
  "destination" : "l3",
  "host" : "l2",
  "internal" : false,
  "leftHandSide" : "_x.test.l2",
  "port" : 3,
  "priority" : 30,
  "protocol" : "_x",
  "resource" : "test",
  "weight" : 10
}, {
  "destination" : "l3",
  "host" : "",
  "internal" : false,
  "leftHandSide" : "_x.test",
  "port" : 3,
  "priority" : 30,
  "protocol" : "_x",
  "resource" : "test",
  "weight" : 10
}, {
  "destination" : "l1",
  "host" : "l3",
  "internal" : false,
  "leftHandSide" : "_x.test.l3",
  "port" : 1,
  "priority" : 20,
  "protocol" : "_x",
  "resource" : "test",
  "weight" : 10
}, {
  "destination" : "l2",
  "host" : "l3",
  "internal" : false,
  "leftHandSide" : "_x.test.l3",
  "port" : 2,
  "priority" : 20,
  "protocol" : "_x",
  "resource" : "test",
  "weight" : 10
}, {
  "destination" : "l3",
  "host" : "l3",
  "internal" : false,
  "leftHandSide" : "_x.test.l3",
  "port" : 3,
  "priority" : 10,
  "protocol" : "_x",
  "resource" : "test",
  "weight" : 10
} ]