{
  "serviceCandidates" : {
    "1" : "local region",
    "2" : "all regions",
    "3" : "all regions beside local",
    "regions" : {
      "7" : "Bucharest",
      "6" : "US",
      "9" : "EU"
    },
    "servers" : {
      "8" : "server-0",
      "4" : "server-1",
      "5" : "server-2"
    }
  },
  "plan" : {
    "name": "Boston",
    "groups" : [
      [
        {
          "serviceId" : 1,
          "percent" : 30
        },
        {
          "serviceId" : 5,
          "percent" : 70
        }
      ],
      [
        {
          "serviceId" : 3,
          "percent" : 33
        },
        {
          "serviceId" : 4,
          "percent" : 33
        },
        {
          "serviceId" : 7,
          "percent" : 34
        }
      ],
      [
        {
          "serviceId" : 2,
          "percent" : 100
        }
      ]      
    ]
  }
}