[ {
  "destination" : "server-1-no-region",
  "host" : "server-1-no-region",
  "internal" : true,
  "leftHandSide" : "proto.resource.server-1-no-region",
  "port" : 99,
  "priority" : 10,
  "protocol" : "proto",
  "resource" : "resource",
  "weight" : 10
}, {
  "destination" : "server-1-no-region",
  "host" : "",
  "internal" : true,
  "leftHandSide" : "proto.resource",
  "port" : 99,
  "priority" : 20,
  "protocol" : "proto",
  "resource" : "resource",
  "weight" : 10
}, {
  "destination" : "server-1-region-1",
  "host" : "server-1-no-region",
  "internal" : true,
  "leftHandSide" : "proto.resource.server-1-no-region",
  "port" : 99,
  "priority" : 30,
  "protocol" : "proto",
  "resource" : "resource",
  "weight" : 20
}, {
  "destination" : "server-1-region-2",
  "host" : "server-1-no-region",
  "internal" : true,
  "leftHandSide" : "proto.resource.server-1-no-region",
  "port" : 99,
  "priority" : 40,
  "protocol" : "proto",
  "resource" : "resource",
  "weight" : 30
} ]