{
  "ALL_OTHER_REGIONS" : "ALL_OTHER_REGIONS",
  "ALL_REGIONS" : "ALL_REGIONS",
  "LOCAL_REGION" : "LOCAL_REGION",
  "LOCATION" : {
    "21" : "server-1-region-2.example.com",
    "11" : "server-1-region-1.example.com"
  },
  "REGION" : {
    "2" : "EU",
    "1" : "US"
  }
}