{
  "planCandidates" : {
    "10" : "p1"
  },
  "regionCandidates" : {
    "1" : "US"
  },
  "view" : {
    "enabled" : true,
    "id" : -1,
    "name" : "x",
    "planId" : 2,
    "regionId" : 1
  }
}