{ 
  "dbCandidates" : [ ] , 
  "databases" : { 
  	"swift.hubler.us:27017" : { 
  	  "host" : "swift", "status" : [ "PRIMARY"] , "available" : [ "RESTART"] , "required" : [ ] , "voting" : true
  	} , 
  	"goose.hubler.us:27017" : { 
  	  "host" : "goose", "status" : [ "MISSING"] , "available" : [ "RESTART"] , "required" : [ "ADD" ] , "voting" : true}
  	} , 
  "lastConfigError" :  null  ,
  "arbiters" : { 
    "swift.hubler.us:27018" : {
      "host" : "swift", "status" : [ "MISSING"] , "available" : [ "RESTART"] , "required" : [ "ADD" ] , "voting" : true}
    } ,
  "inProgress" : false , 
  "arbiterCandidates" : [ "goose.hubler.us:27018"]
 }